// Jest Snapshot v1, https://goo.gl/fbAQLP

exports[`should show NotFoundPage 1`] = `
<div>
  404! - Page not found. 
  <h4>
    <Link
      replace={false}
      to="/"
    >
      Go Home
    </Link>
  </h4>
</div>
`;
